// Jest Snapshot v1, https://goo.gl/fbAQLP

exports[`Message Message snapshot 1`] = `
<div
  class="messages"
  data-testid="Messages"
>
  <ul
    class="messages-list"
  />
  <form
    action=""
    class="messages-input"
    data-testid="form"
  >
    <input
      class="messages-input__input"
      data-testid="input"
      disabled=""
      placeholder="Enter your message"
      value=""
    />
    <input
      data-testid="submitInput"
      hidden=""
      type="submit"
    />
  </form>
</div>
`;
